[10:45:09] [main/WARN]: Invalid registry value type detected for PerfOS counters. Should be REG_DWORD. Ignoring: HKEY_LOCAL_MACHINE\SYSTEM\CurrentControlSet\Services\PerfOS\Performance\Disable Performance Counters.
[10:45:10] [Datafixer Bootstrap/INFO]: 287 Datafixer optimizations took 1483 milliseconds
[10:45:10] [main/INFO]: [OptiFine] (Reflector) Method not present: net.minecraftforge.common.extensions.IForgeEntity.canUpdate
[10:45:10] [main/INFO]: [OptiFine] (Reflector) Class not present: net.minecraftforge.logging.CrashReportExtender
[10:45:11] [main/INFO]: [OptiFine] (Reflector) Method not present: net.minecraft.tags.ItemTags.create
[10:45:23] [main/INFO]: Completely ignored arguments: [--userProperties, {}]
[10:45:23] [Render thread/INFO]: Environment: Environment[sessionHost=https://sessionserver.mojang.com, servicesHost=https://api.minecraftservices.com, profilesHost=https://api.mojang.com, name=PROD]
[10:45:24] [Render thread/INFO]: Setting user: Player470
[10:45:24] [Render thread/INFO]: [OptiFine] (Reflector) Class not present: net.minecraftforge.client.settings.KeyConflictContext
[10:45:24] [Render thread/INFO]: [OptiFine] (Reflector) Method not present: net.minecraft.client.KeyMapping.getKeyModifier
[10:45:24] [Render thread/INFO]: [OptiFine] (Reflector) Class not present: net.minecraftforge.client.settings.KeyModifier
[10:45:24] [Render thread/INFO]: [OptiFine] (Reflector) Class not present: net.minecraft.launchwrapper.Launch
[10:45:24] [Render thread/INFO]: [OptiFine] (Reflector) Class not present: net.minecraftforge.versions.forge.ForgeVersion
[10:45:24] [Render thread/INFO]: [OptiFine] (Reflector) Class not present: net.minecraftforge.client.loading.ClientModLoader
[10:45:24] [Render thread/INFO]: Backend library: LWJGL version 3.3.3+5
[10:45:24] [Render thread/INFO]: [OptiFine] (Reflector) Class not present: net.minecraftforge.internal.BrandingControl
[10:45:24] [Render thread/INFO]: [OptiFine] (Reflector) Class not present: net.minecraftforge.fml.loading.ImmediateWindowHandler
[10:45:25] [Render thread/WARN]: [OptiFine] (Reflector) java.lang.ClassNotFoundException: sun.misc.SharedSecrets
[10:45:25] [Render thread/WARN]: [OptiFine] (Reflector) java.lang.ClassNotFoundException: jdk.internal.misc.SharedSecrets
[10:45:25] [Render thread/WARN]: [OptiFine] (Reflector) java.lang.ClassNotFoundException: sun.misc.VM
[10:45:25] [Render thread/WARN]: [OptiFine] (Reflector) java.lang.reflect.InaccessibleObjectException: Unable to make public static long jdk.internal.misc.VM.maxDirectMemory() accessible: module java.base does not "exports jdk.internal.misc" to unnamed module @6973bf95
[10:45:25] [Download-2/ERROR]: Failed to fetch user properties
com.mojang.authlib.exceptions.InvalidCredentialsException: Status: 401
	at com.mojang.authlib.exceptions.MinecraftClientHttpException.toAuthenticationException(MinecraftClientHttpException.java:59)
	at com.mojang.authlib.yggdrasil.YggdrasilUserApiService.fetchProperties(YggdrasilUserApiService.java:150)
	at net.minecraft.client.Minecraft.lambda$new$1(Minecraft.java:419)
	at java.base/java.util.concurrent.CompletableFuture$AsyncSupply.run(CompletableFuture.java:1768)
	at java.base/java.util.concurrent.ThreadPoolExecutor.runWorker(ThreadPoolExecutor.java:1144)
	at java.base/java.util.concurrent.ThreadPoolExecutor$Worker.run(ThreadPoolExecutor.java:642)
	at java.base/java.lang.Thread.run(Thread.java:1583)
Caused by: com.mojang.authlib.exceptions.MinecraftClientHttpException: Status: 401
	at com.mojang.authlib.minecraft.client.MinecraftClient.readInputStream(MinecraftClient.java:103)
	at com.mojang.authlib.minecraft.client.MinecraftClient.get(MinecraftClient.java:56)
	at com.mojang.authlib.yggdrasil.YggdrasilUserApiService.fetchProperties(YggdrasilUserApiService.java:121)
	... 5 more
[10:45:26] [Render thread/INFO]: [OptiFine] 
[10:45:26] [Render thread/INFO]: [OptiFine] OptiFine_1.21.11_HD_U_J9
[10:45:26] [Render thread/INFO]: [OptiFine] (Reflector) Class not present: optifine.OptiFineResourceLocator
[10:45:26] [Render thread/INFO]: [OptiFine] Build: null
[10:45:26] [Render thread/INFO]: [OptiFine] OS: Windows 10 (amd64) version 10.0
[10:45:26] [Render thread/INFO]: [OptiFine] Java: 21.0.10, Microsoft
[10:45:26] [Render thread/INFO]: [OptiFine] VM: OpenJDK 64-Bit Server VM (mixed mode, sharing), Microsoft
[10:45:26] [Render thread/INFO]: [OptiFine] LWJGL: 3.4.0 Win32 WGL Null EGL OSMesa VisualC DLL
[10:45:26] [Render thread/INFO]: [OptiFine] OpenGL: AMD Radeon(TM) Vega 3 Graphics , version 3.3.0 Core Profile Context 23.9.1.230821, ATI Technologies Inc.
[10:45:26] [Render thread/INFO]: [OptiFine] OpenGL Version: 3.3.0
[10:45:26] [Render thread/INFO]: [OptiFine] Maximum texture size: 16384x16384
[10:45:26] [VersionCheck/INFO]: [OptiFine] Checking for new version
[10:45:26] [Render thread/INFO]: [Shaders] OpenGL Version: 3.3.0 Core Profile Context 23.9.1.230821
[10:45:26] [Render thread/INFO]: [Shaders] Vendor:  ATI Technologies Inc.
[10:45:26] [Render thread/INFO]: [Shaders] Renderer: AMD Radeon(TM) Vega 3 Graphics 
[10:45:26] [Render thread/INFO]: [Shaders] Capabilities:  2.0  2.1  3.0  3.2  - 
[10:45:26] [Render thread/INFO]: [Shaders] GL_MAX_DRAW_BUFFERS: 8
[10:45:26] [Render thread/INFO]: [Shaders] GL_MAX_COLOR_ATTACHMENTS: 8
[10:45:26] [Render thread/INFO]: [Shaders] GL_MAX_TEXTURE_IMAGE_UNITS: 32
[10:45:26] [Render thread/INFO]: [Shaders] Load shaders configuration.
[10:45:26] [Render thread/INFO]: [Shaders] No shaderpack loaded.
[10:45:26] [Render thread/INFO]: [OptiFine] (Reflector) Class not present: net.minecraftforge.fml.ModList
[10:45:26] [Render thread/INFO]: Using optional rendering extensions: GL_ARB_buffer_storage, GL_KHR_debug, GL_ARB_vertex_attrib_binding, GL_ARB_direct_state_access, GL_EXT_texture_filter_anisotropic
[10:45:26] [Render thread/INFO]: [OptiFine] (Reflector) Class not present: net.minecraftforge.common.MinecraftForge
[10:45:26] [VersionCheck/INFO]: [OptiFine] Version found: J9
[10:45:26] [Render thread/INFO]: [OptiFine] (Reflector) Class not present: net.minecraftforge.client.ForgeHooksClient
[10:45:26] [Render thread/INFO]: [OptiFine] (Reflector) Class not present: net.minecraftforge.client.event.ForgeEventFactoryClient
[10:45:26] [Render thread/INFO]: [OptiFine] (Reflector) Class not present: net.minecraftforge.client.gui.overlay.ForgeLayeredDraw
[10:45:27] [Render thread/INFO]: Reloading ResourceManager: vanilla
[10:45:27] [Render thread/INFO]: [OptiFine] *** Reloading resources ***
[10:45:27] [Render thread/INFO]: [OptiFine] *** Reloading textures ***
[10:45:27] [Worker-Main-3/WARN]: [OptiFine] Resource not found: minecraft:shaders/post/fxaa_of_2x.json
[10:45:27] [Worker-Main-3/WARN]: [OptiFine] Resource not found: minecraft:shaders/post/fxaa_of_4x.json
[10:45:27] [Render thread/INFO]: [OptiFine] (Reflector) Class not present: net.minecraftforge.client.model.geometry.GeometryLoaderManager
[10:45:27] [Worker-Main-2/INFO]: [OptiFine] Pre-stitch: minecraft:textures/atlas/particles.png
[10:45:27] [Worker-Main-2/INFO]: [OptiFine] Multitexture: false
[10:45:27] [Worker-Main-3/INFO]: [OptiFine] Pre-stitch: minecraft:textures/atlas/decorated_pot.png
[10:45:27] [Worker-Main-3/INFO]: [OptiFine] Multitexture: false
[10:45:27] [Worker-Main-3/INFO]: [OptiFine] Pre-stitch: minecraft:textures/atlas/armor_trims.png
[10:45:27] [Worker-Main-3/INFO]: [OptiFine] Multitexture: false
[10:45:27] [Worker-Main-1/INFO]: [OptiFine] Pre-stitch: minecraft:textures/atlas/paintings.png
[10:45:27] [Worker-Main-1/INFO]: [OptiFine] Multitexture: false
[10:45:27] [Worker-Main-2/INFO]: [OptiFine] Scaled non power of 2: minecraft:cherry_2, 3 -> 9
[10:45:27] [Worker-Main-1/INFO]: [OptiFine] Pre-stitch: minecraft:textures/atlas/shield_patterns.png
[10:45:27] [Worker-Main-1/INFO]: [OptiFine] Multitexture: false
[10:45:28] [Worker-Main-2/INFO]: [OptiFine] Scaled non power of 2: minecraft:cherry_1, 3 -> 9
[10:45:28] [Worker-Main-2/INFO]: [OptiFine] Scaled non power of 2: minecraft:cherry_0, 3 -> 9
[10:45:28] [Worker-Main-2/INFO]: [OptiFine] Scaled non power of 2: minecraft:cherry_11, 3 -> 9
[10:45:28] [Worker-Main-2/INFO]: [OptiFine] Scaled non power of 2: minecraft:cherry_10, 3 -> 9
[10:45:28] [Worker-Main-2/INFO]: [OptiFine] Scaled non power of 2: minecraft:pale_oak_9, 5 -> 10
[10:45:28] [Worker-Main-2/INFO]: [OptiFine] Scaled non power of 2: minecraft:pale_oak_8, 5 -> 10
[10:45:28] [Worker-Main-2/INFO]: [OptiFine] Scaled non power of 2: minecraft:pale_oak_3, 5 -> 10
[10:45:28] [Worker-Main-2/INFO]: [OptiFine] Scaled non power of 2: minecraft:pale_oak_2, 5 -> 10
[10:45:28] [Worker-Main-2/INFO]: [OptiFine] Scaled non power of 2: minecraft:pale_oak_1, 5 -> 10
[10:45:28] [Worker-Main-2/INFO]: [OptiFine] Scaled non power of 2: minecraft:pale_oak_0, 5 -> 10
[10:45:28] [Worker-Main-2/INFO]: [OptiFine] Scaled non power of 2: minecraft:pale_oak_7, 5 -> 10
[10:45:28] [Worker-Main-2/INFO]: [OptiFine] Scaled non power of 2: minecraft:pale_oak_6, 5 -> 10
[10:45:28] [Worker-Main-2/INFO]: [OptiFine] Scaled non power of 2: minecraft:pale_oak_5, 5 -> 10
[10:45:28] [Worker-Main-2/INFO]: [OptiFine] Scaled non power of 2: minecraft:pale_oak_4, 5 -> 10
[10:45:28] [Worker-Main-2/INFO]: [OptiFine] Scaled non power of 2: minecraft:pale_oak_11, 5 -> 10
[10:45:28] [Worker-Main-2/INFO]: [OptiFine] Scaled non power of 2: minecraft:pale_oak_10, 5 -> 10
[10:45:28] [Worker-Main-2/INFO]: [OptiFine] Scaled non power of 2: minecraft:trial_omen, 5 -> 10
[10:45:28] [Worker-Main-2/INFO]: [OptiFine] Scaled non power of 2: minecraft:raid_omen, 5 -> 10
[10:45:28] [Worker-Main-2/INFO]: [OptiFine] Scaled non power of 2: minecraft:cherry_6, 3 -> 9
[10:45:28] [Worker-Main-2/INFO]: [OptiFine] Scaled non power of 2: minecraft:cherry_5, 3 -> 9
[10:45:28] [Worker-Main-2/INFO]: [OptiFine] Scaled non power of 2: minecraft:leaf_10, 5 -> 10
[10:45:28] [Worker-Main-2/INFO]: [OptiFine] Scaled non power of 2: minecraft:cherry_4, 3 -> 9
[10:45:28] [Worker-Main-2/INFO]: [OptiFine] Scaled non power of 2: minecraft:cherry_3, 3 -> 9
[10:45:28] [Worker-Main-2/INFO]: [OptiFine] Scaled non power of 2: minecraft:cherry_9, 3 -> 9
[10:45:28] [Worker-Main-2/INFO]: [OptiFine] Scaled non power of 2: minecraft:cherry_8, 3 -> 9
[10:45:28] [Worker-Main-2/INFO]: [OptiFine] Scaled non power of 2: minecraft:leaf_11, 5 -> 10
[10:45:28] [Worker-Main-2/INFO]: [OptiFine] Scaled non power of 2: minecraft:cherry_7, 3 -> 9
[10:45:28] [Worker-Main-2/INFO]: [OptiFine] Scaled non power of 2: minecraft:leaf_7, 5 -> 10
[10:45:28] [Worker-Main-2/INFO]: [OptiFine] Scaled non power of 2: minecraft:leaf_6, 5 -> 10
[10:45:28] [Worker-Main-2/INFO]: [OptiFine] Scaled non power of 2: minecraft:leaf_9, 5 -> 10
[10:45:28] [Worker-Main-2/INFO]: [OptiFine] Scaled non power of 2: minecraft:leaf_8, 5 -> 10
[10:45:28] [Worker-Main-2/INFO]: [OptiFine] Scaled non power of 2: minecraft:leaf_1, 5 -> 10
[10:45:28] [Worker-Main-2/INFO]: [OptiFine] Scaled non power of 2: minecraft:leaf_0, 5 -> 10
[10:45:28] [Worker-Main-2/INFO]: [OptiFine] Scaled non power of 2: minecraft:leaf_3, 5 -> 10
[10:45:28] [Worker-Main-2/INFO]: [OptiFine] Scaled non power of 2: minecraft:leaf_2, 5 -> 10
[10:45:28] [Worker-Main-2/INFO]: [OptiFine] Scaled non power of 2: minecraft:leaf_5, 5 -> 10
[10:45:28] [Worker-Main-2/INFO]: [OptiFine] Scaled non power of 2: minecraft:leaf_4, 5 -> 10
[10:45:28] [Worker-Main-3/INFO]: [OptiFine] Pre-stitch: minecraft:textures/atlas/chest.png
[10:45:28] [Worker-Main-3/INFO]: [OptiFine] Multitexture: false
[10:45:28] [Worker-Main-2/INFO]: [OptiFine] Pre-stitch: minecraft:textures/atlas/celestials.png
[10:45:28] [Worker-Main-2/INFO]: [OptiFine] Multitexture: false
[10:45:28] [Worker-Main-2/INFO]: [OptiFine] Pre-stitch: minecraft:textures/atlas/banner_patterns.png
[10:45:28] [Worker-Main-2/INFO]: [OptiFine] Multitexture: false
[10:45:28] [Worker-Main-3/INFO]: [OptiFine] Pre-stitch: minecraft:textures/atlas/beds.png
[10:45:28] [Worker-Main-3/INFO]: [OptiFine] Multitexture: false
[10:45:28] [Worker-Main-1/INFO]: [OptiFine] Pre-stitch: minecraft:textures/atlas/blocks.png
[10:45:28] [Worker-Main-1/INFO]: [OptiFine] Multitexture: false
[10:45:28] [Worker-Main-1/INFO]: [OptiFine] Register block sprites
[10:45:28] [Worker-Main-1/INFO]: [OptiFine] BetterGrass: Parsing default configuration optifine/bettergrass.properties
[10:45:28] [Worker-Main-3/INFO]: [OptiFine] Pre-stitch: minecraft:textures/atlas/items.png
[10:45:28] [Worker-Main-3/INFO]: [OptiFine] Multitexture: false
[10:45:28] [Worker-Main-3/INFO]: [OptiFine] Register item sprites
[10:45:28] [Worker-Main-2/INFO]: [OptiFine] Pre-stitch: minecraft:textures/atlas/gui.png
[10:45:28] [Worker-Main-2/INFO]: [OptiFine] Multitexture: false
[10:45:28] [Worker-Main-2/INFO]: [OptiFine] Scaled non power of 2: minecraft:container/bundle/bundle_progressbar_fill, 6 -> 12
[10:45:28] [Worker-Main-2/INFO]: [OptiFine] Scaled non power of 2: minecraft:widget/scroller_background, 6 -> 12
[10:45:28] [Worker-Main-2/INFO]: [OptiFine] Scaled non power of 2: minecraft:container/bundle/bundle_progressbar_full, 6 -> 12
[10:45:28] [Worker-Main-2/INFO]: [OptiFine] Scaled non power of 2: minecraft:hud/locator_bar_arrow_up, 7 -> 14
[10:45:28] [Worker-Main-2/INFO]: [OptiFine] Scaled non power of 2: minecraft:container/villager/scroller, 6 -> 12
[10:45:28] [Worker-Main-2/INFO]: [OptiFine] Scaled non power of 2: minecraft:widget/scroller, 6 -> 12
[10:45:28] [Worker-Main-2/INFO]: [OptiFine] Scaled non power of 2: minecraft:container/villager/scroller_disabled, 6 -> 12
[10:45:28] [Worker-Main-2/INFO]: [OptiFine] Scaled non power of 2: minecraft:hud/locator_bar_arrow_down, 7 -> 14
[10:45:28] [Worker-Main-2/INFO]: [OptiFine] Pre-stitch: minecraft:textures/atlas/map_decorations.png
[10:45:28] [Worker-Main-2/INFO]: [OptiFine] Multitexture: false
[10:45:28] [Worker-Main-2/INFO]: [OptiFine] Pre-stitch: minecraft:textures/atlas/signs.png
[10:45:28] [Worker-Main-2/INFO]: [OptiFine] Multitexture: false
[10:45:28] [Worker-Main-2/INFO]: [OptiFine] Pre-stitch: minecraft:textures/atlas/shulker_boxes.png
[10:45:28] [Worker-Main-2/INFO]: [OptiFine] Multitexture: false
[10:45:28] [Worker-Main-2/INFO]: Found unifont_all_no_pua-17.0.01.hex, loading
[10:45:29] [Render thread/INFO]: Loaded Platform ViaVersion
[10:45:29] [Render thread/INFO]: Loading translations...
[10:45:29] [Render thread/INFO]: Registering protocols...
[10:45:29] [Worker-Main-1/INFO]: Found unifont_pua-17.0.01.hex, loading
[10:45:29] [Via-Mappingloader-1/INFO]: Loading block connection mappings ...
[10:45:29] [Render thread/INFO]: Loaded Platform ViaBackwards
[10:45:29] [Worker-Main-2/INFO]: Found unifont_jp_patch-17.0.01.hex, loading
[10:45:29] [Render thread/INFO]: Registering protocols...
[10:45:29] [Render thread/INFO]: Loaded Platform ViaRewind
[10:45:29] [Render thread/INFO]: ViaVersion detected lowest supported version by the proxy: 1.7.2-1.7.5 (4)
[10:45:29] [Render thread/INFO]: Highest supported version by the proxy: 26.1-26.1.2 (775)
[10:45:29] [Render thread/INFO]: ViaLoadingBase has loaded 3/3 platforms
[10:45:30] [Via-Mappingloader-1/INFO]: Using FastUtil Long2ObjectOpenHashMap for block connections
[10:45:31] [Via Async Scheduler 0/INFO]: Finished mapping loading, shutting down loader executor.
[10:45:33] [Worker-Main-1/INFO]: [OptiFine] CustomItems: Collecting model sprites
[10:45:33] [Worker-Main-3/INFO]: [OptiFine] CustomItems: Registering sprites
[10:45:33] [Worker-Main-1/INFO]: [OptiFine] (Reflector) Method not present: net.minecraft.client.renderer.block.model.BlockElementFace.data
[10:45:35] [Via Async Task 1/WARN]: There is a newer plugin version available: 5.9.1, you're on: 5.9.0
[10:45:43] [Render thread/INFO]: OpenAL initialized on device OpenAL Soft on Наушники (Устройство с поддержкой High Definition Audio)
[10:45:43] [Render thread/INFO]: Sound engine started
[10:45:43] [Render thread/INFO]: Created: 512x256x0 minecraft:textures/atlas/particles.png-atlas
[10:45:43] [Render thread/INFO]: [OptiFine] Animated sprites: 1
[10:45:43] [Render thread/INFO]: Created: 128x128x0 minecraft:textures/atlas/decorated_pot.png-atlas
[10:45:43] [Render thread/INFO]: [OptiFine] Animated sprites: 0
[10:45:43] [Render thread/INFO]: Created: 2048x1024x0 minecraft:textures/atlas/armor_trims.png-atlas
[10:45:43] [Render thread/INFO]: [OptiFine] Animated sprites: 0
[10:45:43] [Render thread/INFO]: Created: 512x256x0 minecraft:textures/atlas/paintings.png-atlas
[10:45:43] [Render thread/INFO]: [OptiFine] Animated sprites: 0
[10:45:43] [Render thread/INFO]: Created: 1024x512x0 minecraft:textures/atlas/shield_patterns.png-atlas
[10:45:43] [Render thread/INFO]: [OptiFine] Animated sprites: 0
[10:45:43] [Render thread/INFO]: Created: 1024x1024x2 minecraft:textures/atlas/blocks.png-atlas
[10:45:43] [Render thread/INFO]: [OptiFine] Update block sprites
[10:45:43] [Render thread/INFO]: [OptiFine] Animated sprites: 56
[10:45:43] [Render thread/INFO]: Created: 512x512x0 minecraft:textures/atlas/chest.png-atlas
[10:45:43] [Render thread/INFO]: [OptiFine] Animated sprites: 0
[10:45:43] [Render thread/INFO]: Created: 256x128x0 minecraft:textures/atlas/celestials.png-atlas
[10:45:43] [Render thread/INFO]: [OptiFine] Animated sprites: 0
[10:45:43] [Render thread/INFO]: Created: 1024x512x0 minecraft:textures/atlas/banner_patterns.png-atlas
[10:45:43] [Render thread/INFO]: [OptiFine] Animated sprites: 0
[10:45:43] [Render thread/INFO]: Created: 512x512x0 minecraft:textures/atlas/beds.png-atlas
[10:45:43] [Render thread/INFO]: [OptiFine] Animated sprites: 0
[10:45:43] [Render thread/INFO]: Created: 1024x512x0 minecraft:textures/atlas/items.png-atlas
[10:45:43] [Render thread/INFO]: [OptiFine] Update item sprites
[10:45:43] [Render thread/INFO]: [OptiFine] Animated sprites: 0
[10:45:43] [Render thread/INFO]: Created: 1024x1024x0 minecraft:textures/atlas/gui.png-atlas
[10:45:43] [Render thread/INFO]: [OptiFine] Animated sprites: 5
[10:45:43] [Render thread/INFO]: Created: 128x64x0 minecraft:textures/atlas/map_decorations.png-atlas
[10:45:43] [Render thread/INFO]: [OptiFine] Animated sprites: 0
[10:45:43] [Render thread/INFO]: Created: 512x256x0 minecraft:textures/atlas/signs.png-atlas
[10:45:44] [Render thread/INFO]: [OptiFine] Animated sprites: 0
[10:45:44] [Render thread/INFO]: Created: 512x512x0 minecraft:textures/atlas/shulker_boxes.png-atlas
[10:45:44] [Render thread/INFO]: [OptiFine] Animated sprites: 0
[10:45:44] [Render thread/WARN]: Duplicate sprite minecraft:optifine/ctm/default/empty from atlas minecraft:textures/atlas/gui.png, already defined in atlas minecraft:textures/atlas/items.png. This will be rejected in a future version
[10:45:44] [Render thread/WARN]: Duplicate sprite minecraft:optifine/ctm/default/empty from atlas minecraft:textures/atlas/beds.png, already defined in atlas minecraft:textures/atlas/items.png. This will be rejected in a future version
[10:45:44] [Render thread/WARN]: Duplicate sprite minecraft:optifine/ctm/default/empty from atlas minecraft:textures/atlas/paintings.png, already defined in atlas minecraft:textures/atlas/items.png. This will be rejected in a future version
[10:45:44] [Render thread/WARN]: Duplicate sprite minecraft:optifine/ctm/default/empty from atlas minecraft:textures/atlas/shulker_boxes.png, already defined in atlas minecraft:textures/atlas/items.png. This will be rejected in a future version
[10:45:44] [Render thread/WARN]: Duplicate sprite minecraft:optifine/ctm/default/empty from atlas minecraft:textures/atlas/signs.png, already defined in atlas minecraft:textures/atlas/items.png. This will be rejected in a future version
[10:45:44] [Render thread/WARN]: Duplicate sprite minecraft:optifine/ctm/default/empty from atlas minecraft:textures/atlas/chest.png, already defined in atlas minecraft:textures/atlas/items.png. This will be rejected in a future version
[10:45:44] [Render thread/WARN]: Duplicate sprite minecraft:optifine/ctm/default/empty from atlas minecraft:textures/atlas/particles.png, already defined in atlas minecraft:textures/atlas/items.png. This will be rejected in a future version
[10:45:44] [Render thread/WARN]: Duplicate sprite minecraft:optifine/ctm/default/empty from atlas minecraft:textures/atlas/celestials.png, already defined in atlas minecraft:textures/atlas/items.png. This will be rejected in a future version
[10:45:44] [Render thread/WARN]: Duplicate sprite minecraft:optifine/ctm/default/empty from atlas minecraft:textures/atlas/shield_patterns.png, already defined in atlas minecraft:textures/atlas/items.png. This will be rejected in a future version
[10:45:44] [Render thread/WARN]: Duplicate sprite minecraft:optifine/ctm/default/empty from atlas minecraft:textures/atlas/decorated_pot.png, already defined in atlas minecraft:textures/atlas/items.png. This will be rejected in a future version
[10:45:44] [Render thread/WARN]: Duplicate sprite minecraft:optifine/ctm/default/empty from atlas minecraft:textures/atlas/map_decorations.png, already defined in atlas minecraft:textures/atlas/items.png. This will be rejected in a future version
[10:45:44] [Render thread/WARN]: Duplicate sprite minecraft:optifine/ctm/default/empty from atlas minecraft:textures/atlas/blocks.png, already defined in atlas minecraft:textures/atlas/items.png. This will be rejected in a future version
[10:45:44] [Render thread/WARN]: Duplicate sprite minecraft:optifine/ctm/default/empty from atlas minecraft:textures/atlas/banner_patterns.png, already defined in atlas minecraft:textures/atlas/items.png. This will be rejected in a future version
[10:45:44] [Render thread/WARN]: Duplicate sprite minecraft:optifine/ctm/default/empty from atlas minecraft:textures/atlas/armor_trims.png, already defined in atlas minecraft:textures/atlas/items.png. This will be rejected in a future version
[10:45:45] [Render thread/INFO]: [OptiFine] *** Reloading custom textures ***
[10:45:48] [Render thread/INFO]: [OptiFine] Disable Forge light pipeline
[10:45:48] [Render thread/INFO]: [OptiFine] (Reflector) Class not present: net.minecraftforge.client.gui.ModListScreen
[10:45:48] [Render thread/INFO]: [OptiFine] (Reflector) Class not present: net.minecraftforge.client.gui.TitleScreenModUpdateIndicator
[10:45:48] [Render thread/INFO]: [OptiFine] *** Reflector Forge ***
[10:45:48] [Render thread/INFO]: [OptiFine] (Reflector) Class not present: net.minecraftforge.event.level.ChunkEvent$Load
[10:45:48] [Render thread/INFO]: [OptiFine] (Reflector) Class not present: net.minecraftforge.event.level.ChunkEvent$Unload
[10:45:48] [Render thread/INFO]: [OptiFine] (Reflector) Class not present: net.minecraftforge.client.ColorResolverManager
[10:45:48] [Render thread/INFO]: [OptiFine] (Reflector) Class not present: net.minecraftforge.logging.CrashReportAnalyser
[10:45:48] [Render thread/INFO]: [OptiFine] (Reflector) Class not present: net.minecraftforge.client.EntitySpectatorShaderManager
[10:45:48] [Render thread/INFO]: [OptiFine] (Reflector) Class not present: net.minecraftforge.eventbus.api.bus.EventBus
[10:45:48] [Render thread/INFO]: [OptiFine] (Reflector) Method not present: net.minecraft.world.entity.Entity.isInWaterOrSwimmable
[10:45:48] [Render thread/INFO]: [OptiFine] (Reflector) Method not present: net.minecraft.world.entity.boss.enderdragon.EnderDragon.getParts
[10:45:48] [Render thread/INFO]: [OptiFine] (Reflector) Method not present: net.minecraftforge.common.extensions.IForgeBlockState.getSoundType
[10:45:48] [Render thread/INFO]: [OptiFine] (Reflector) Method not present: net.minecraftforge.common.extensions.IForgeBlockState.getStateAtViewpoint
[10:45:48] [Render thread/INFO]: [OptiFine] (Reflector) Method not present: net.minecraftforge.common.extensions.IForgeBlockState.shouldDisplayFluidOverlay
[10:45:48] [Render thread/INFO]: [OptiFine] (Reflector) Method not present: net.minecraftforge.common.extensions.IForgeEntity.getEyeInFluidType
[10:45:48] [Render thread/INFO]: [OptiFine] (Reflector) Method not present: net.minecraftforge.common.extensions.IForgeEntity.getParts
[10:45:48] [Render thread/INFO]: [OptiFine] (Reflector) Method not present: net.minecraftforge.common.extensions.IForgeEntity.hasCustomOutlineRendering
[10:45:48] [Render thread/INFO]: [OptiFine] (Reflector) Method not present: net.minecraftforge.common.extensions.IForgeEntity.isMultipartEntity
[10:45:48] [Render thread/INFO]: [OptiFine] (Reflector) Method not present: net.minecraftforge.common.extensions.IForgeEntity.onAddedToWorld
[10:45:48] [Render thread/INFO]: [OptiFine] (Reflector) Method not present: net.minecraftforge.common.extensions.IForgeEntity.onRemovedFromWorld
[10:45:48] [Render thread/INFO]: [OptiFine] (Reflector) Method not present: net.minecraftforge.common.extensions.IForgeEntity.shouldRiderSit
[10:45:48] [Render thread/INFO]: [OptiFine] (Reflector) Class not present: net.minecraftforge.event.ForgeEventFactory
[10:45:48] [Render thread/INFO]: [OptiFine] (Reflector) Method not present: net.minecraftforge.client.model.ForgeFaceData.calculateNormals
[10:45:48] [Render thread/INFO]: [OptiFine] (Reflector) Class not present: net.minecraftforge.common.ForgeHooks
[10:45:48] [Render thread/INFO]: [OptiFine] (Reflector) Field not present: net.minecraftforge.common.ForgeConfigSpec.childConfig
[10:45:48] [Render thread/INFO]: [OptiFine] (Reflector) Field not present: net.minecraftforge.common.ForgeConfigSpec$ConfigValue.defaultSupplier
[10:45:48] [Render thread/INFO]: [OptiFine] (Reflector) Field not present: net.minecraftforge.common.ForgeConfigSpec$ConfigValue.spec
[10:45:48] [Render thread/INFO]: [OptiFine] (Reflector) Method not present: net.minecraftforge.common.ForgeConfigSpec$ConfigValue.get
[10:45:48] [Render thread/INFO]: [OptiFine] (Reflector) Method not present: net.minecraft.world.level.chunk.ChunkAccess.getWorldForge
[10:45:48] [Render thread/INFO]: [OptiFine] (Reflector) Class not present: net.minecraftforge.common.extensions.IForgeItemStack
[10:45:48] [Render thread/INFO]: [OptiFine] (Reflector) Method not present: net.minecraft.client.renderer.ItemBlockRenderTypes.isFancy
[10:45:48] [Render thread/INFO]: [OptiFine] (Reflector) Method not present: net.minecraft.client.KeyMapping.setKeyConflictContext
[10:45:48] [Render thread/INFO]: [OptiFine] (Reflector) Method not present: net.minecraft.client.KeyMapping.setKeyModifierAndCode
[10:45:48] [Render thread/INFO]: [OptiFine] (Reflector) Method not present: net.minecraft.client.particle.ParticleResources.getProvider
[10:45:48] [Render thread/INFO]: [OptiFine] (Reflector) Method not present: net.minecraftforge.common.extensions.IForgeBlockEntity.getRenderBoundingBox
[10:45:48] [Render thread/INFO]: [OptiFine] (Reflector) Class not present: net.minecraftforge.client.FramePassManager
[10:45:48] [Render thread/INFO]: [OptiFine] (Reflector) Class not present: net.minecraftforge.client.ItemDecoratorHandler
[10:45:48] [Render thread/INFO]: [OptiFine] (Reflector) Class not present: net.minecraftforge.fml.ModContainer
[10:45:48] [Render thread/INFO]: [OptiFine] (Reflector) Class not present: net.minecraftforge.fml.ModLoader
[10:45:48] [Render thread/INFO]: [OptiFine] (Reflector) Class not present: net.minecraftforge.event.PlayLevelSoundEvent
[10:45:48] [Render thread/INFO]: [OptiFine] (Reflector) Class not present: net.minecraftforge.client.event.RenderBlockScreenEffectEvent$OverlayType
[10:45:48] [Render thread/INFO]: [OptiFine] (Reflector) Class not present: net.minecraftforge.client.event.CustomizeGuiOverlayEvent$BossEventProgress
[10:45:48] [Render thread/INFO]: [OptiFine] (Reflector) Class not present: net.minecraftforge.client.event.RenderNameTagEvent
[10:45:48] [Render thread/INFO]: [OptiFine] (Reflector) Class not present: net.minecraftforge.client.event.RenderTooltipEvent
[10:45:48] [Render thread/INFO]: [OptiFine] (Reflector) Class not present: net.minecraftforge.client.event.RenderTooltipEvent$Pre
[10:45:48] [Render thread/INFO]: [OptiFine] (Reflector) Class not present: net.minecraftforge.client.event.ScreenshotEvent
[10:45:48] [Render thread/INFO]: [OptiFine] (Reflector) Class not present: net.minecraftforge.server.ServerLifecycleHooks
[10:45:48] [Render thread/INFO]: [OptiFine] (Reflector) Method not present: net.minecraft.client.particle.TerrainParticle.updateSprite
[10:45:48] [Render thread/INFO]: [OptiFine] *** Reflector Vanilla ***
[10:45:52] [Render thread/INFO]: [STDOUT]: Logged as: ProdLasiogg1fd
[10:45:55] [Render thread/INFO]: Resizing Dynamic Transforms UBO, capacity limit of 2 reached during a single frame. New capacity will be 4.
[10:45:55] [Render thread/INFO]: Connecting to mc.funtime.su, 25565
[10:45:56] [Download-2/ERROR]: Failed to retrieve profile key pair
com.mojang.authlib.exceptions.MinecraftClientHttpException: Status: 401
	at com.mojang.authlib.minecraft.client.MinecraftClient.readInputStream(MinecraftClient.java:103)
	at com.mojang.authlib.minecraft.client.MinecraftClient.post(MinecraftClient.java:64)
	at com.mojang.authlib.yggdrasil.YggdrasilUserApiService.getKeyPair(YggdrasilUserApiService.java:61)
	at net.minecraft.client.multiplayer.AccountProfileKeyPairManager.fetchProfileKeyPair(AccountProfileKeyPairManager.java:120)
	at net.minecraft.client.multiplayer.AccountProfileKeyPairManager.lambda$readOrFetchProfileKeyPair$0(AccountProfileKeyPairManager.java:73)
	at java.base/java.util.concurrent.CompletableFuture$AsyncSupply.run(CompletableFuture.java:1768)
	at java.base/java.util.concurrent.ThreadPoolExecutor.runWorker(ThreadPoolExecutor.java:1144)
	at java.base/java.util.concurrent.ThreadPoolExecutor$Worker.run(ThreadPoolExecutor.java:642)
	at java.base/java.lang.Thread.run(Thread.java:1583)
[10:45:58] [Render thread/INFO]: [System] [CHAT] [✾] Успешная авторизация! Приятной игры!
[10:45:58] [Render thread/INFO]: [System] [CHAT] ╔═════ ★ FunTime.su ★ ═══╗
[10:45:58] [Render thread/INFO]: [System] [CHAT] ║
[10:45:58] [Render thread/INFO]: [System] [CHAT] ║ Добро пожаловать на FunTime
[10:45:58] [Render thread/INFO]: [System] [CHAT] ║ Наши социальные сети – /links
[10:45:58] [Render thread/INFO]: [System] [CHAT] ║ Приятной игры и новых побед!
[10:45:58] [Render thread/INFO]: [System] [CHAT] ║
[10:45:58] [Render thread/INFO]: [System] [CHAT] ╚═══════════════════╝
[10:45:59] [Render thread/WARN]: Ignoring player info update for unknown player b4502b69-1a2c-3b86-8452-6376b27cfb20 ([UPDATE_LATENCY])
[10:45:59] [Render thread/INFO]: Resizing Dynamic Transforms UBO, capacity limit of 4 reached during a single frame. New capacity will be 8.
[10:45:59] [Render thread/WARN]: Ignoring player info update for unknown player ff681387-90ea-3388-8c06-beb7e09913ec ([UPDATE_LATENCY])
[10:46:00] [Render thread/INFO]: Resizing Chunk Sections UBO, capacity limit of 2 reached during a single frame. New capacity will be 4.
[10:46:00] [Worker-Main-3/ERROR]: Failed to verify signature on property Property[name=textures, value=ewogICJ0aW1lc3RhbXAiIDogMTc1MDI3ODY0MTkwMCwKICAicHJvZmlsZUlkIiA6ICIxNzRjZmRiNGEzY2I0M2I1YmZjZGU0MjRjM2JiMmM2ZSIsCiAgInByb2ZpbGVOYW1lIiA6ICJtYXJhZWwxOCIsCiAgInNpZ25hdHVyZVJlcXVpcmVkIiA6IHRydWUsCiAgInRleHR1cmVzIiA6IHsKICAgICJTS0lOIiA6IHsKICAgICAgInVybCIgOiAiaHR0cDovL3RleHR1cmVzLm1pbmVjcmFmdC5uZXQvdGV4dHVyZS9lN2E3YWU3Y2RjZjYxNmU4YjdhNDIyMWE2MjFiMjQzNTc1M2M2MGVkNmEyNThlYTA2MGRhZTMwMDJmZmU5ZTI4IiwKICAgICAgIm1ldGFkYXRhIiA6IHsKICAgICAgICAibW9kZWwiIDogInNsaW0iCiAgICAgIH0KICAgIH0KICB9Cn0=, signature=]
java.security.SignatureException: Bad signature length: got 0 but was expecting 512
	at java.base/sun.security.rsa.RSASignature.engineVerify(RSASignature.java:212)
	at java.base/java.security.Signature$Delegate.engineVerify(Signature.java:1422)
	at java.base/java.security.Signature.verify(Signature.java:790)
	at com.mojang.authlib.yggdrasil.YggdrasilServicesKeyInfo.validateProperty(YggdrasilServicesKeyInfo.java:165)
	at com.mojang.authlib.yggdrasil.YggdrasilMinecraftSessionService.lambda$getPropertySignatureState$0(YggdrasilMinecraftSessionService.java:185)
	at java.base/java.util.stream.MatchOps$1MatchSink.accept(MatchOps.java:90)
	at java.base/java.util.AbstractList$RandomAccessSpliterator.tryAdvance(AbstractList.java:708)
	at java.base/java.util.stream.ReferencePipeline.forEachWithCancel(ReferencePipeline.java:129)
	at java.base/java.util.stream.AbstractPipeline.copyIntoWithCancel(AbstractPipeline.java:527)
	at java.base/java.util.stream.AbstractPipeline.copyInto(AbstractPipeline.java:513)
	at java.base/java.util.stream.AbstractPipeline.wrapAndCopyInto(AbstractPipeline.java:499)
	at java.base/java.util.stream.MatchOps$MatchOp.evaluateSequential(MatchOps.java:230)
	at java.base/java.util.stream.MatchOps$MatchOp.evaluateSequential(MatchOps.java:196)
	at java.base/java.util.stream.AbstractPipeline.evaluate(AbstractPipeline.java:234)
	at java.base/java.util.stream.ReferencePipeline.noneMatch(ReferencePipeline.java:642)
	at com.mojang.authlib.yggdrasil.YggdrasilMinecraftSessionService.getPropertySignatureState(YggdrasilMinecraftSessionService.java:185)
	at com.mojang.authlib.yggdrasil.YggdrasilMinecraftSessionService.unpackTextures(YggdrasilMinecraftSessionService.java:128)
	at net.minecraft.client.resources.SkinManager$1.lambda$load$0(SkinManager.java:63)
	at java.base/java.util.concurrent.CompletableFuture$AsyncSupply.run(CompletableFuture.java:1768)
	at java.base/java.util.concurrent.CompletableFuture$AsyncSupply.exec(CompletableFuture.java:1760)
	at java.base/java.util.concurrent.ForkJoinTask.doExec(ForkJoinTask.java:387)
	at java.base/java.util.concurrent.ForkJoinPool$WorkQueue.topLevelExec(ForkJoinPool.java:1312)
	at java.base/java.util.concurrent.ForkJoinPool.scan(ForkJoinPool.java:1843)
	at java.base/java.util.concurrent.ForkJoinPool.runWorker(ForkJoinPool.java:1808)
	at java.base/java.util.concurrent.ForkJoinWorkerThread.run(ForkJoinWorkerThread.java:188)
[10:46:00] [Worker-Main-3/ERROR]: Failed to verify signature on property Property[name=textures, value=ewogICJ0aW1lc3RhbXAiIDogMTc1MDI3ODY0MTkwMCwKICAicHJvZmlsZUlkIiA6ICIxNzRjZmRiNGEzY2I0M2I1YmZjZGU0MjRjM2JiMmM2ZSIsCiAgInByb2ZpbGVOYW1lIiA6ICJtYXJhZWwxOCIsCiAgInNpZ25hdHVyZVJlcXVpcmVkIiA6IHRydWUsCiAgInRleHR1cmVzIiA6IHsKICAgICJTS0lOIiA6IHsKICAgICAgInVybCIgOiAiaHR0cDovL3RleHR1cmVzLm1pbmVjcmFmdC5uZXQvdGV4dHVyZS9lN2E3YWU3Y2RjZjYxNmU4YjdhNDIyMWE2MjFiMjQzNTc1M2M2MGVkNmEyNThlYTA2MGRhZTMwMDJmZmU5ZTI4IiwKICAgICAgIm1ldGFkYXRhIiA6IHsKICAgICAgICAibW9kZWwiIDogInNsaW0iCiAgICAgIH0KICAgIH0KICB9Cn0=, signature=]
java.security.SignatureException: Bad signature length: got 0 but was expecting 512
	at java.base/sun.security.rsa.RSASignature.engineVerify(RSASignature.java:212)
	at java.base/java.security.Signature$Delegate.engineVerify(Signature.java:1422)
	at java.base/java.security.Signature.verify(Signature.java:790)
	at com.mojang.authlib.yggdrasil.YggdrasilServicesKeyInfo.validateProperty(YggdrasilServicesKeyInfo.java:165)
	at com.mojang.authlib.yggdrasil.YggdrasilMinecraftSessionService.lambda$getPropertySignatureState$0(YggdrasilMinecraftSessionService.java:185)
	at java.base/java.util.stream.MatchOps$1MatchSink.accept(MatchOps.java:90)
	at java.base/java.util.AbstractList$RandomAccessSpliterator.tryAdvance(AbstractList.java:708)
	at java.base/java.util.stream.ReferencePipeline.forEachWithCancel(ReferencePipeline.java:129)
	at java.base/java.util.stream.AbstractPipeline.copyIntoWithCancel(AbstractPipeline.java:527)
	at java.base/java.util.stream.AbstractPipeline.copyInto(AbstractPipeline.java:513)
	at java.base/java.util.stream.AbstractPipeline.wrapAndCopyInto(AbstractPipeline.java:499)
	at java.base/java.util.stream.MatchOps$MatchOp.evaluateSequential(MatchOps.java:230)
	at java.base/java.util.stream.MatchOps$MatchOp.evaluateSequential(MatchOps.java:196)
	at java.base/java.util.stream.AbstractPipeline.evaluate(AbstractPipeline.java:234)
	at java.base/java.util.stream.ReferencePipeline.noneMatch(ReferencePipeline.java:642)
	at com.mojang.authlib.yggdrasil.YggdrasilMinecraftSessionService.getPropertySignatureState(YggdrasilMinecraftSessionService.java:185)
	at com.mojang.authlib.yggdrasil.YggdrasilMinecraftSessionService.unpackTextures(YggdrasilMinecraftSessionService.java:128)
	at net.minecraft.client.resources.SkinManager$1.lambda$load$0(SkinManager.java:63)
	at java.base/java.util.concurrent.CompletableFuture$AsyncSupply.run(CompletableFuture.java:1768)
	at java.base/java.util.concurrent.CompletableFuture$AsyncSupply.exec(CompletableFuture.java:1760)
	at java.base/java.util.concurrent.ForkJoinTask.doExec(ForkJoinTask.java:387)
	at java.base/java.util.concurrent.ForkJoinPool$WorkQueue.topLevelExec(ForkJoinPool.java:1312)
	at java.base/java.util.concurrent.ForkJoinPool.scan(ForkJoinPool.java:1843)
	at java.base/java.util.concurrent.ForkJoinPool.runWorker(ForkJoinPool.java:1808)
	at java.base/java.util.concurrent.ForkJoinWorkerThread.run(ForkJoinWorkerThread.java:188)
[10:46:00] [Worker-Main-3/WARN]: Profile contained invalid signature for textures property (profile id: 3b0432c4-2c64-40e4-85ee-d43a2e018e37)
[10:46:00] [Render thread/INFO]: Resizing Dynamic Transforms UBO, capacity limit of 8 reached during a single frame. New capacity will be 16.
[10:46:00] [Render thread/INFO]: [System] [CHAT] ** ! Внимание !\n** Чтобы ваш Аккаунт был в БЕЗОПАСНОСТИ!\n** Привяжите его к ВК: /vk \n** Или к Телеграм: /tg \n \n** ! Внимание !\n** Чтобы ваш Аккаунт был в БЕЗОПАСНОСТИ!\n** Привяжите его к ВК: /vk \n** Или к Телеграм: /tg 
[10:46:00] [Render thread/INFO]: Resizing Chunk Sections UBO, capacity limit of 4 reached during a single frame. New capacity will be 8.
[10:46:01] [Render thread/INFO]: Resizing Chunk Sections UBO, capacity limit of 8 reached during a single frame. New capacity will be 16.
[10:46:04] [Render thread/INFO]: [System] [CHAT] \n ⚡ Вы играете на FunTime! play.funtime.su\n
[10:46:05] [Render thread/WARN]: Ignoring player info update for unknown player 05c4902a-5436-3b58-b0ce-947f417aac47 ([UPDATE_LATENCY])
[10:46:05] [Render thread/WARN]: Ignoring player info update for unknown player 5fecb8b8-d271-3f70-95b8-3f0b99029d15 ([UPDATE_LATENCY])
[10:46:06] [Render thread/WARN]: Ignoring player info update for unknown player 7e981cac-4d65-3af4-981c-edaf9bc9b3a2 ([UPDATE_LATENCY])
[10:46:06] [Render thread/WARN]: Ignoring player info update for unknown player d87a8eb9-52a1-377e-88fb-7dd97ce69995 ([UPDATE_LATENCY])
[10:46:06] [Render thread/WARN]: Ignoring player info update for unknown player e8f7f655-dbdc-36af-8e72-1c14903937c4 ([UPDATE_LATENCY])
[10:46:06] [Render thread/WARN]: Ignoring player info update for unknown player ad0a65c3-c31d-38f8-8ad1-eb5316061f56 ([UPDATE_LATENCY])
[10:46:06] [Render thread/WARN]: Ignoring player info update for unknown player 4f1d2a9b-60ea-387c-84eb-82eb7c6c5a7b ([UPDATE_LATENCY])
[10:46:06] [Render thread/WARN]: Ignoring player info update for unknown player f9e31740-4347-303e-a256-7f66bf237090 ([UPDATE_LATENCY])
[10:46:07] [Render thread/WARN]: Ignoring player info update for unknown player ea641e89-f416-37bb-bf42-60cd48d2b3e9 ([UPDATE_LATENCY])
[10:46:08] [Render thread/WARN]: Ignoring player info update for unknown player 25f37c04-b383-3003-8483-400829d15678 ([UPDATE_LATENCY])
[10:46:09] [Render thread/INFO]: Resizing Chunk Sections UBO, capacity limit of 16 reached during a single frame. New capacity will be 32.
[10:46:15] [Render thread/INFO]: Resizing Chunk Sections UBO, capacity limit of 32 reached during a single frame. New capacity will be 64.
[10:46:24] [Render thread/INFO]: Resizing Dynamic Transforms UBO, capacity limit of 16 reached during a single frame. New capacity will be 32.
[10:46:24] [Render thread/INFO]: Resizing Dynamic Transforms UBO, capacity limit of 32 reached during a single frame. New capacity will be 64.
[10:46:34] [Render thread/INFO]: [System] [CHAT] \n ⚡ Наши сообщества и соц. сети /links\n
[10:46:42] [Render thread/WARN]: Ignoring player info update for unknown player ae8ca8d3-371c-32bf-a7fb-3c0c85da55ea ([UPDATE_LATENCY])
[10:46:42] [Render thread/WARN]: Ignoring player info update for unknown player 40a79e12-b01f-3570-9313-7c807fe0e8de ([UPDATE_LATENCY])
[10:46:44] [Render thread/WARN]: Ignoring player info update for unknown player b887c110-1394-314d-9b7c-bdc14fcb0972 ([UPDATE_LATENCY])
[10:46:44] [Render thread/WARN]: Ignoring player info update for unknown player 81acfaf3-dcec-37b8-800a-c83fac0fa5b6 ([UPDATE_LATENCY])
[10:46:44] [Render thread/WARN]: Ignoring player info update for unknown player 5dd8a2c5-1e08-38e9-ac0c-93323d161f95 ([UPDATE_LATENCY])
[10:46:44] [Render thread/WARN]: Ignoring player info update for unknown player 17f54976-70c8-3e19-9245-ae121fb172a2 ([UPDATE_LATENCY])
[10:46:44] [Render thread/WARN]: Ignoring player info update for unknown player ffc75fb5-a82c-3f01-a25f-cf8f4ac40925 ([UPDATE_LATENCY])
[10:46:45] [Render thread/WARN]: Ignoring player info update for unknown player 37248b12-bb2a-3f1a-8204-b48c10192380 ([UPDATE_LATENCY])
[10:46:45] [Render thread/WARN]: Ignoring player info update for unknown player 8481e604-c9fa-39fa-9979-c3fc377cd981 ([UPDATE_LATENCY])
[10:46:45] [Render thread/WARN]: Ignoring player info update for unknown player b2fcd06a-59d7-3a50-abbc-3909d23d8465 ([UPDATE_LATENCY])
[10:47:04] [Render thread/INFO]: [System] [CHAT] \n ⚡ Наша группа ВК vk.com/funtime\n
[10:47:11] [Render thread/WARN]: Ignoring player info update for unknown player d7dd0e3d-313f-3d57-88e3-062b69ba7cc9 ([UPDATE_LATENCY])
[10:47:11] [Render thread/WARN]: Ignoring player info update for unknown player e712ed28-2b10-3ad4-a930-35beb58ea56c ([UPDATE_LATENCY])
[10:47:11] [Render thread/WARN]: Ignoring player info update for unknown player 18803f0d-9972-3316-bb0d-0532985ea9e7 ([UPDATE_LATENCY])
[10:47:12] [Render thread/WARN]: Ignoring player info update for unknown player b119044d-84b3-37e0-959d-e60712b05524 ([UPDATE_LATENCY])
[10:47:15] [Render thread/INFO]: Stopping!
